#-----------------------------------------------------------
# Vivado v2023.2 (64-bit)
# SW Build 4029153 on Fri Oct 13 20:14:34 MDT 2023
# IP Build 4028589 on Sat Oct 14 00:45:43 MDT 2023
# SharedData Build 4025554 on Tue Oct 10 17:18:54 MDT 2023
# Start of session at: Sun May 26 17:40:22 2024
# Process ID: 23996
# Current directory: C:/Users/jasmi/ECE317_project1_hamming_decoder/ECE317_project1_hamming_decoder.runs/synth_1
# Command line: vivado.exe -log hamming_decoderTB.vds -product Vivado -mode batch -messageDb vivado.pb -notrace -source hamming_decoderTB.tcl
# Log file: C:/Users/jasmi/ECE317_project1_hamming_decoder/ECE317_project1_hamming_decoder.runs/synth_1/hamming_decoderTB.vds
# Journal file: C:/Users/jasmi/ECE317_project1_hamming_decoder/ECE317_project1_hamming_decoder.runs/synth_1\vivado.jou
# Running On: mao_O__O, OS: Windows, CPU Frequency: 2611 MHz, CPU Physical cores: 10, Host memory: 16995 MB
#-----------------------------------------------------------
source hamming_decoderTB.tcl -notrace
